
2026-03-25 15:01:21 No active clients. Waiting...
2026-03-25 15:01:24 Cycle complete. Next check in 10 min.

2026-03-25 15:02:48 No active clients. Waiting...
2026-03-25 15:02:49 Cycle complete. Next check in 10 min.

2026-03-25 15:11:24 No active clients. Waiting...
2026-03-25 15:11:26 Cycle complete. Next check in 10 min.

2026-03-25 15:12:49 No active clients. Waiting...
2026-03-25 15:12:52 Cycle complete. Next check in 10 min.

2026-03-25 15:21:26 No active clients. Waiting...
2026-03-25 15:21:28 Cycle complete. Next check in 10 min.

2026-03-25 15:22:52 No active clients. Waiting...
2026-03-25 15:22:54 Cycle complete. Next check in 10 min.

2026-03-25 15:31:28 No active clients. Waiting...
2026-03-25 15:31:31 Cycle complete. Next check in 10 min.

2026-03-25 15:32:54 No active clients. Waiting...
2026-03-25 15:32:56 Cycle complete. Next check in 10 min.

2026-03-25 15:41:31 No active clients. Waiting...
2026-03-25 15:41:33 Cycle complete. Next check in 10 min.

2026-03-25 15:42:56 No active clients. Waiting...
2026-03-25 15:42:59 Cycle complete. Next check in 10 min.

2026-03-25 15:51:33 No active clients. Waiting...
2026-03-25 15:51:36 Cycle complete. Next check in 10 min.

2026-03-25 15:52:59 No active clients. Waiting...
2026-03-25 15:53:01 Cycle complete. Next check in 10 min.

2026-03-25 16:01:36 No active clients. Waiting...
2026-03-25 16:01:38 Cycle complete. Next check in 10 min.

2026-03-25 16:03:01 No active clients. Waiting...
2026-03-25 16:03:04 Cycle complete. Next check in 10 min.

2026-03-25 16:11:38 No active clients. Waiting...
2026-03-25 16:11:40 Cycle complete. Next check in 10 min.

2026-03-25 16:13:04 No active clients. Waiting...
2026-03-25 16:13:06 Cycle complete. Next check in 10 min.

2026-03-25 16:21:40 No active clients. Waiting...
2026-03-25 16:21:43 Cycle complete. Next check in 10 min.

2026-03-25 16:23:06 No active clients. Waiting...
2026-03-25 16:23:09 Cycle complete. Next check in 10 min.

2026-03-25 16:31:43 No active clients. Waiting...
2026-03-25 16:31:45 Cycle complete. Next check in 10 min.

2026-03-25 16:33:09 No active clients. Waiting...
2026-03-25 16:33:11 Cycle complete. Next check in 10 min.

2026-03-25 16:41:45 No active clients. Waiting...
2026-03-25 16:41:48 Cycle complete. Next check in 10 min.

2026-03-25 16:43:11 No active clients. Waiting...
2026-03-25 16:43:13 Cycle complete. Next check in 10 min.

2026-03-25 16:51:48 No active clients. Waiting...
2026-03-25 16:51:50 Cycle complete. Next check in 10 min.

2026-03-25 16:53:13 No active clients. Waiting...
2026-03-25 16:53:16 Cycle complete. Next check in 10 min.

2026-03-25 17:01:50 No active clients. Waiting...
2026-03-25 17:01:53 Cycle complete. Next check in 10 min.

2026-03-25 17:03:16 No active clients. Waiting...
2026-03-25 17:03:18 Cycle complete. Next check in 10 min.

2026-03-25 17:11:53 No active clients. Waiting...
2026-03-25 17:11:55 Cycle complete. Next check in 10 min.

2026-03-25 17:13:18 No active clients. Waiting...
2026-03-25 17:13:21 Cycle complete. Next check in 10 min.

2026-03-25 17:21:55 No active clients. Waiting...
2026-03-25 17:21:57 Cycle complete. Next check in 10 min.

2026-03-25 17:23:21 No active clients. Waiting...
2026-03-25 17:23:23 Cycle complete. Next check in 10 min.

2026-03-25 17:31:57 No active clients. Waiting...
2026-03-25 17:31:58 Cycle complete. Next check in 10 min.

2026-03-25 17:33:23 No active clients. Waiting...
2026-03-25 17:33:25 Cycle complete. Next check in 10 min.

2026-03-25 17:41:58 No active clients. Waiting...
2026-03-25 17:42:00 Cycle complete. Next check in 10 min.

2026-03-25 17:43:25 No active clients. Waiting...
2026-03-25 17:43:28 Cycle complete. Next check in 10 min.

2026-03-25 17:44:16 ArgusReach Monitor v2 starting
2026-03-25 17:44:16 ArgusReach Monitor v2 started. Watching all active client inboxes, checking every 10 min.
2026-03-25 17:44:16 No active clients. Waiting...
/home/argus/.openclaw/workspace/argusreach/monitor/monitor.py:1767: DeprecationWarning: datetime.datetime.utcnow() is deprecated and scheduled for removal in a future version. Use timezone-aware objects to represent datetimes in UTC: datetime.datetime.now(datetime.UTC).
  run._last_sync = datetime.utcnow()
/home/argus/.openclaw/workspace/argusreach/monitor/monitor.py:1775: DeprecationWarning: datetime.datetime.utcnow() is deprecated and scheduled for removal in a future version. Use timezone-aware objects to represent datetimes in UTC: datetime.datetime.now(datetime.UTC).
  heartbeat_file.write_text(datetime.utcnow().isoformat())
2026-03-25 17:44:18 Cycle complete. Next check in 10 min.

2026-03-25 17:51:08 ArgusReach Monitor v2 starting
2026-03-25 17:51:08 ArgusReach Monitor v2 started. Watching all active client inboxes, checking every 10 min.
2026-03-25 17:51:08 No active clients. Waiting...
/home/argus/.openclaw/workspace/argusreach/monitor/monitor.py:1767: DeprecationWarning: datetime.datetime.utcnow() is deprecated and scheduled for removal in a future version. Use timezone-aware objects to represent datetimes in UTC: datetime.datetime.now(datetime.UTC).
  run._last_sync = datetime.utcnow()
/home/argus/.openclaw/workspace/argusreach/monitor/monitor.py:1775: DeprecationWarning: datetime.datetime.utcnow() is deprecated and scheduled for removal in a future version. Use timezone-aware objects to represent datetimes in UTC: datetime.datetime.now(datetime.UTC).
  heartbeat_file.write_text(datetime.utcnow().isoformat())
2026-03-25 17:51:11 Cycle complete. Next check in 10 min.

2026-03-25 17:53:28 No active clients. Waiting...
2026-03-25 17:53:30 Cycle complete. Next check in 10 min.

2026-03-25 18:01:11 No active clients. Waiting...
2026-03-25 18:01:13 Daily digest: no replies processed today. Skipping notification.
/home/argus/.openclaw/workspace/argusreach/monitor/monitor.py:1762: DeprecationWarning: datetime.datetime.utcnow() is deprecated and scheduled for removal in a future version. Use timezone-aware objects to represent datetimes in UTC: datetime.datetime.now(datetime.UTC).
  if hasattr(run, '_last_sync') and (datetime.utcnow() - run._last_sync).seconds < 900:
2026-03-25 18:01:13 Cycle complete. Next check in 10 min.

2026-03-25 18:03:30 No active clients. Waiting...
2026-03-25 18:03:33 Daily digest: no replies processed today. Skipping notification.
2026-03-25 18:03:33 Cycle complete. Next check in 10 min.

2026-03-25 18:11:13 No active clients. Waiting...
2026-03-25 18:11:16 Cycle complete. Next check in 10 min.

2026-03-25 18:13:33 No active clients. Waiting...
2026-03-25 18:13:35 Cycle complete. Next check in 10 min.

2026-03-25 18:21:16 No active clients. Waiting...
2026-03-25 18:21:18 Cycle complete. Next check in 10 min.

2026-03-25 18:23:35 No active clients. Waiting...
2026-03-25 18:23:37 Cycle complete. Next check in 10 min.

2026-03-25 18:31:18 No active clients. Waiting...
2026-03-25 18:31:20 Cycle complete. Next check in 10 min.

2026-03-25 18:33:37 No active clients. Waiting...
2026-03-25 18:33:40 Cycle complete. Next check in 10 min.

2026-03-25 18:41:20 No active clients. Waiting...
2026-03-25 18:41:23 Cycle complete. Next check in 10 min.

2026-03-25 18:43:40 No active clients. Waiting...
2026-03-25 18:43:42 Cycle complete. Next check in 10 min.

2026-03-25 18:51:23 No active clients. Waiting...
2026-03-25 18:51:25 Cycle complete. Next check in 10 min.

2026-03-25 18:53:42 No active clients. Waiting...
2026-03-25 18:53:45 Cycle complete. Next check in 10 min.

2026-03-25 19:01:25 No active clients. Waiting...
2026-03-25 19:01:28 Cycle complete. Next check in 10 min.

2026-03-25 19:03:45 No active clients. Waiting...
2026-03-25 19:03:47 Cycle complete. Next check in 10 min.

2026-03-25 19:11:28 No active clients. Waiting...
2026-03-25 19:11:30 Cycle complete. Next check in 10 min.

2026-03-25 19:13:47 No active clients. Waiting...
2026-03-25 19:13:50 Cycle complete. Next check in 10 min.

2026-03-25 19:21:30 No active clients. Waiting...
2026-03-25 19:21:32 Cycle complete. Next check in 10 min.

2026-03-25 19:23:50 No active clients. Waiting...
2026-03-25 19:23:52 Cycle complete. Next check in 10 min.

2026-03-25 19:31:32 No active clients. Waiting...
2026-03-25 19:31:35 Cycle complete. Next check in 10 min.

2026-03-25 19:33:52 No active clients. Waiting...
2026-03-25 19:33:54 Cycle complete. Next check in 10 min.

2026-03-25 19:41:35 No active clients. Waiting...
2026-03-25 19:41:37 Cycle complete. Next check in 10 min.

2026-03-25 19:43:54 No active clients. Waiting...
2026-03-25 19:43:57 Cycle complete. Next check in 10 min.

2026-03-25 19:51:37 No active clients. Waiting...
2026-03-25 19:51:40 Cycle complete. Next check in 10 min.

2026-03-25 19:53:57 No active clients. Waiting...
2026-03-25 19:53:59 Cycle complete. Next check in 10 min.

2026-03-25 20:01:40 No active clients. Waiting...
2026-03-25 20:01:42 Cycle complete. Next check in 10 min.

2026-03-25 20:03:59 No active clients. Waiting...
2026-03-25 20:04:02 Cycle complete. Next check in 10 min.

2026-03-25 20:11:42 No active clients. Waiting...
2026-03-25 20:11:44 Cycle complete. Next check in 10 min.

2026-03-25 20:14:02 No active clients. Waiting...
2026-03-25 20:14:04 Cycle complete. Next check in 10 min.

2026-03-25 20:21:44 No active clients. Waiting...
2026-03-25 20:21:45 Cycle complete. Next check in 10 min.

2026-03-25 20:24:04 No active clients. Waiting...
2026-03-25 20:24:06 Cycle complete. Next check in 10 min.

2026-03-25 20:31:45 No active clients. Waiting...
2026-03-25 20:31:47 Cycle complete. Next check in 10 min.

2026-03-25 20:34:06 No active clients. Waiting...
2026-03-25 20:34:09 Cycle complete. Next check in 10 min.

2026-03-25 20:41:47 No active clients. Waiting...
2026-03-25 20:41:50 Cycle complete. Next check in 10 min.

2026-03-25 20:44:09 No active clients. Waiting...
2026-03-25 20:44:11 Cycle complete. Next check in 10 min.

2026-03-25 20:51:50 No active clients. Waiting...
2026-03-25 20:51:52 Cycle complete. Next check in 10 min.

2026-03-25 20:54:11 No active clients. Waiting...
2026-03-25 20:54:14 Cycle complete. Next check in 10 min.

2026-03-25 21:01:52 No active clients. Waiting...
2026-03-25 21:01:55 Cycle complete. Next check in 10 min.

2026-03-25 21:04:14 No active clients. Waiting...
2026-03-25 21:04:16 Cycle complete. Next check in 10 min.

2026-03-25 21:11:55 No active clients. Waiting...
2026-03-25 21:11:57 Cycle complete. Next check in 10 min.

2026-03-25 21:14:16 No active clients. Waiting...
2026-03-25 21:14:19 Cycle complete. Next check in 10 min.

2026-03-25 21:21:57 No active clients. Waiting...
2026-03-25 21:21:59 Cycle complete. Next check in 10 min.

2026-03-25 21:24:19 No active clients. Waiting...
2026-03-25 21:24:21 Cycle complete. Next check in 10 min.

2026-03-25 21:31:59 No active clients. Waiting...
2026-03-25 21:32:02 Cycle complete. Next check in 10 min.

2026-03-25 21:34:21 No active clients. Waiting...
2026-03-25 21:34:23 Cycle complete. Next check in 10 min.

2026-03-25 21:42:02 No active clients. Waiting...
2026-03-25 21:42:04 Cycle complete. Next check in 10 min.

2026-03-25 21:44:23 No active clients. Waiting...
2026-03-25 21:44:26 Cycle complete. Next check in 10 min.

2026-03-25 21:52:04 No active clients. Waiting...
2026-03-25 21:52:07 Cycle complete. Next check in 10 min.

2026-03-25 21:54:26 No active clients. Waiting...
2026-03-25 21:54:28 Cycle complete. Next check in 10 min.

2026-03-25 22:02:07 No active clients. Waiting...
2026-03-25 22:02:09 Cycle complete. Next check in 10 min.

2026-03-25 22:04:28 No active clients. Waiting...
2026-03-25 22:04:31 Cycle complete. Next check in 10 min.

2026-03-25 22:12:09 No active clients. Waiting...
2026-03-25 22:12:11 Cycle complete. Next check in 10 min.

2026-03-25 22:14:31 No active clients. Waiting...
2026-03-25 22:14:33 Cycle complete. Next check in 10 min.

2026-03-25 22:22:11 No active clients. Waiting...
2026-03-25 22:22:14 Cycle complete. Next check in 10 min.

2026-03-25 22:24:33 No active clients. Waiting...
2026-03-25 22:24:35 Cycle complete. Next check in 10 min.

2026-03-25 22:32:14 No active clients. Waiting...
2026-03-25 22:32:16 Cycle complete. Next check in 10 min.

2026-03-25 22:34:35 No active clients. Waiting...
2026-03-25 22:34:38 Cycle complete. Next check in 10 min.

2026-03-25 22:42:16 No active clients. Waiting...
2026-03-25 22:42:19 Cycle complete. Next check in 10 min.

2026-03-25 22:44:38 No active clients. Waiting...
2026-03-25 22:44:40 Cycle complete. Next check in 10 min.

2026-03-25 22:52:19 No active clients. Waiting...
2026-03-25 22:52:21 Cycle complete. Next check in 10 min.

2026-03-25 22:54:40 No active clients. Waiting...
2026-03-25 22:54:43 Cycle complete. Next check in 10 min.

2026-03-25 23:02:21 No active clients. Waiting...
2026-03-25 23:02:24 Cycle complete. Next check in 10 min.

2026-03-25 23:03:36 ArgusReach Monitor v2 starting
2026-03-25 23:03:36 ArgusReach Monitor v2 started. Watching all active client inboxes, checking every 10 min.
2026-03-25 23:03:36 No active clients. Waiting...
2026-03-25 23:03:39 Daily digest: no replies processed today. Skipping notification.
/home/argus/.openclaw/workspace/argusreach/monitor/monitor.py:1767: DeprecationWarning: datetime.datetime.utcnow() is deprecated and scheduled for removal in a future version. Use timezone-aware objects to represent datetimes in UTC: datetime.datetime.now(datetime.UTC).
  run._last_sync = datetime.utcnow()
/home/argus/.openclaw/workspace/argusreach/monitor/monitor.py:1775: DeprecationWarning: datetime.datetime.utcnow() is deprecated and scheduled for removal in a future version. Use timezone-aware objects to represent datetimes in UTC: datetime.datetime.now(datetime.UTC).
  heartbeat_file.write_text(datetime.utcnow().isoformat())
2026-03-25 23:03:39 Cycle complete. Next check in 10 min.

2026-03-25 23:04:43 No active clients. Waiting...
2026-03-25 23:04:45 Cycle complete. Next check in 10 min.

2026-03-25 23:13:39 No active clients. Waiting...
/home/argus/.openclaw/workspace/argusreach/monitor/monitor.py:1762: DeprecationWarning: datetime.datetime.utcnow() is deprecated and scheduled for removal in a future version. Use timezone-aware objects to represent datetimes in UTC: datetime.datetime.now(datetime.UTC).
  if hasattr(run, '_last_sync') and (datetime.utcnow() - run._last_sync).seconds < 900:
2026-03-25 23:13:41 Cycle complete. Next check in 10 min.

2026-03-25 23:14:45 No active clients. Waiting...
2026-03-25 23:14:48 Cycle complete. Next check in 10 min.

